##################### Mobile elements detection statistics #####################
# Number of complete elements
Complete ICE (4 types of SP): 2
Complete IME (R+I, R+C+I): 0

# Number of complete modules
Conjugation module (R+C+V): 0
Mobilizable element (R+C with size <= 10 CDS): 0

# Number of partial elements
Partial ICE (at least V): 0
Other partial element (R+C, R+V, V+C with size > 10 CDS): 0

# Composite elements
Total nested elements (partial or complete): 2
Host element: 1
Guest element: 1
Element that are both host and guest: 0

################### Signature proteins detection statistics ####################
# Total SP detected
Total SP: 11
Total Integrase: 5
Total Relaxase: 2
Total Coupling protein: 2
Total VirB4: 2

# Unassigned SP
Unassigned SP: 3
Unassigned Integrase: 3
Unassigned Relaxase: 0
Unassigned Coupling protein: 0
Unassigned VirB4: 0

############################# Segments statistics ##############################
Number of segments: 1
Segment with one element: 0
Segment with several elements: 1
Segment with nested elements: 1
Segment with no element: 0

############################### Parameters used ################################
Maximum CDS numbers in initial segments: 100
Maximum CDS numbers in an IME element: 10
