##[["GX taxonomy analysis report", 3, 1], {"git-rev": "", "run-date": "Mon Nov 20 12:40:49 2023", "db": {"build-date": "2022-11-03", "seqs": 3042, "Gbp": 0.28336}, "run-info": {"agg-cvg": 0.350645, "asserted-div": "anml:insects", "inferred-primary-divs": ["prok:CFB group bacteria"], "corrected-primary-divs": ["anml:insects"]}}]
#seq-id	seq-len	(xp,lc,co,n)-len	cvg-by-all	sep1	tax-name-1	tax-id-1	div-1	cvg-by-div-1	cvg-by-tax-1	score-1	sep2	tax-id-2	div-2	cvg-by-div-2	cvg-by-tax-2	score-2	sep3	tax-id-3	div-3	cvg-by-div-3	cvg-by-tax-3	score-3	sep4	tax-id-4	div-4	cvg-by-div-4	cvg-by-tax-4	score-4	sep5	reserved	result	div	div_pct_cvg
JPZV02005859.1	705930	0,1139,0,0	156289	|	Bacteroides xylanisolvens	371601	prok:CFB group bacteria	156289	45307	383	|	1796613	prok:CFB group bacteria	156289	45634	380	|						|						|	n/a	low-coverage	prok:CFB group bacteria	22
JPZV02009577.1	600722	0,65,0,0	306605	|	Bacteroides caecimuris	1796613	prok:CFB group bacteria	306605	132198	777	|	371601	prok:CFB group bacteria	306605	117304	754	|						|						|	n/a	contaminant(div)	prok:CFB group bacteria	51
JPZV02016362.1	432265	0,0,0,0	194030	|	Bacteroides cellulosilyticus	246787	prok:CFB group bacteria	194030	74477	514	|	291644	prok:CFB group bacteria	194030	68762	509	|						|						|	n/a	contaminant(div)	prok:CFB group bacteria	45
JPZV02031416.1	170387	0,60,0,0	32039	|	Bacteroides vulgatus ATCC 8482	435590	prok:CFB group bacteria	32039	13228	204	|	2715212	prok:CFB group bacteria	32039	13255	203	|						|						|	n/a	low-coverage	prok:CFB group bacteria	19
JPZV02034235.1	131158	0,0,0,0	32993	|	Bacteroides faecichinchillae	871325	prok:CFB group bacteria	32993	17069	228	|	1121098	prok:CFB group bacteria	32993	14491	219	|						|						|	n/a	low-coverage	prok:CFB group bacteria	25
JPZV02046037.1	26753	0,0,0,0	2903	|	Bacteroides eggerthii	28111	prok:CFB group bacteria	2903	860	45	|	1121097	prok:CFB group bacteria	2903	862	44	|						|						|	n/a	low-coverage	prok:CFB group bacteria	11
