##[["GX taxonomy analysis report", 3, 1], {"git-rev": "v0.5.5-9-gfc836c1", "run-date": "Tue Mar 25 16:04:25 2025", "db": {"build-date": "2022-11-03", "seqs": 3042, "Gbp": 0.28336}, "run-info": {"agg-cvg": 0.454486, "asserted-div": "anml:insects", "inferred-primary-divs": ["prok:CFB group bacteria"], "corrected-primary-divs": ["anml:insects"], "genome-hash": "dbb3380351f70e9b"}}]
#seq-id	seq-len	(xp,lc,co,n,mt,pt,pm)-len	cvg-by-all	sep1	tax-name-1	tax-id-1	div-1	cvg-by-div-1	cvg-by-tax-1	score-1	sep2	tax-id-2	div-2	cvg-by-div-2	cvg-by-tax-2	score-2	sep3	tax-id-3	div-3	cvg-by-div-3	cvg-by-tax-3	score-3	sep4	tax-id-4	div-4	cvg-by-div-4	cvg-by-tax-4	score-4	sep5	reserved	result	div	div_pct_cvg
JPZV02005859.1	705930	0,1139,0,0,0,0,0	227139	|	Bacteroides salyersiae	291644	prok:CFB group bacteria	227139	47267	364	|	1796613	prok:CFB group bacteria	227139	40278	342	|						|						|	n/a	low-coverage	prok:CFB group bacteria	32
JPZV02009577.1	600722	0,65,0,0,0,0,0	373207	|	Bacteroides caecimuris	1796613	prok:CFB group bacteria	373207	125070	743	|	329854	prok:CFB group bacteria	373207	120705	728	|						|						|	n/a	contaminant(div)	prok:CFB group bacteria	62
JPZV02016362.1	432265	0,0,0,0,0,0,0	238387	|	Bacteroides caecimuris	1796613	prok:CFB group bacteria	238387	78677	508	|	1852362	prok:CFB group bacteria	238387	76183	487	|						|						|	n/a	contaminant(div)	prok:CFB group bacteria	55
JPZV02031416.1	170387	0,60,0,0,0,0,0	48647	|	Bacteroides caecimuris	1796613	prok:CFB group bacteria	48647	16469	208	|	435590	prok:CFB group bacteria	48647	15004	201	|						|						|	n/a	low-coverage	prok:CFB group bacteria	29
JPZV02034235.1	131158	0,0,0,0,0,0,0	50739	|	Bacteroides massiliensis B84634 = Timone 84634 = DSM 17679 = JCM 13223	1121098	prok:CFB group bacteria	50739	27281	262	|	871325	prok:CFB group bacteria	50739	19889	228	|						|						|	n/a	contaminant(div)	prok:CFB group bacteria	39
JPZV02046037.1	26753	0,0,0,0,0,0,0	1402	|	Bacteroides eggerthii	28111	prok:CFB group bacteria	1402	1258	50	|	1121096	prok:CFB group bacteria	1402	803	42	|						|						|	n/a	low-coverage	prok:CFB group bacteria	5
