##[["GX taxonomy analysis report", 3, 1], {"git-rev": "", "run-date": "Thu Nov  2 16:00:54 2023", "db": {"build-date": "2022-11-03", "seqs": 3042, "Gbp": 0.28336}, "run-info": {"agg-cvg": 0.603188, "asserted-div": "anml:insects", "inferred-primary-divs": ["prok:CFB group bacteria"], "corrected-primary-divs": ["anml:insects"]}}]
#seq-id	seq-len	(xp,lc,co,n)-len	cvg-by-all	sep1	tax-name-1	tax-id-1	div-1	cvg-by-div-1	cvg-by-tax-1	score-1	sep2	tax-id-2	div-2	cvg-by-div-2	cvg-by-tax-2	score-2	sep3	tax-id-3	div-3	cvg-by-div-3	cvg-by-tax-3	score-3	sep4	tax-id-4	div-4	cvg-by-div-4	cvg-by-tax-4	score-4	sep5	reserved	result	div	div_pct_cvg
JPZV02000012.1	1169662	0,0,0,0	532365	|	Bacteroides oleiciplenus	626931	prok:CFB group bacteria	532365	201477	862	|	246787	prok:CFB group bacteria	532365	191488	831	|						|						|	n/a	contaminant(div)	prok:CFB group bacteria	46
JPZV02000014.1	1402747	0,0,0,0	984000	|	Bacteroides cellulosilyticus	246787	prok:CFB group bacteria	984000	560564	1589	|	1912896	prok:CFB group bacteria	984000	526336	1562	|						|						|	n/a	contaminant(div)	prok:CFB group bacteria	70
JPZV02000015.1	938910	0,95,0,0	601619	|	Bacteroides cellulosilyticus	246787	prok:CFB group bacteria	601619	363859	1270	|	1470345	prok:CFB group bacteria	601619	355294	1269	|						|						|	n/a	contaminant(div)	prok:CFB group bacteria	64
